------------------------------------------------------------
Timing Analyzer Summary
------------------------------------------------------------

Type  : Slow 1100mV 85C Model Setup 'clock'
Slack : -6.933
TNS   : -2003.887

Type  : Slow 1100mV 85C Model Hold 'clock'
Slack : 0.229
TNS   : 0.000

Type  : Slow 1100mV 85C Model Minimum Pulse Width 'clock'
Slack : -2.636
TNS   : -991.138

Type  : Slow 1100mV 0C Model Setup 'clock'
Slack : -6.991
TNS   : -1974.386

Type  : Slow 1100mV 0C Model Hold 'clock'
Slack : 0.219
TNS   : 0.000

Type  : Slow 1100mV 0C Model Minimum Pulse Width 'clock'
Slack : -2.636
TNS   : -1071.453

Type  : Fast 1100mV 85C Model Setup 'clock'
Slack : -3.659
TNS   : -875.937

Type  : Fast 1100mV 85C Model Hold 'clock'
Slack : 0.133
TNS   : 0.000

Type  : Fast 1100mV 85C Model Minimum Pulse Width 'clock'
Slack : -2.636
TNS   : -300.436

Type  : Fast 1100mV 0C Model Setup 'clock'
Slack : -3.292
TNS   : -729.415

Type  : Fast 1100mV 0C Model Hold 'clock'
Slack : 0.121
TNS   : 0.000

Type  : Fast 1100mV 0C Model Minimum Pulse Width 'clock'
Slack : -2.636
TNS   : -302.918

------------------------------------------------------------
