------------------------------------------------------------
Timing Analyzer Summary
------------------------------------------------------------

Type  : Slow 1100mV 85C Model Setup 'clk'
Slack : -27.695
TNS   : -350.556

Type  : Slow 1100mV 85C Model Hold 'clk'
Slack : 1.639
TNS   : 0.000

Type  : Slow 1100mV 85C Model Minimum Pulse Width 'clk'
Slack : 2.396
TNS   : 0.000

Type  : Slow 1100mV 0C Model Setup 'clk'
Slack : -28.374
TNS   : -358.536

Type  : Slow 1100mV 0C Model Hold 'clk'
Slack : 1.719
TNS   : 0.000

Type  : Slow 1100mV 0C Model Minimum Pulse Width 'clk'
Slack : 2.322
TNS   : 0.000

Type  : Fast 1100mV 85C Model Setup 'clk'
Slack : -12.555
TNS   : -158.779

Type  : Fast 1100mV 85C Model Hold 'clk'
Slack : 0.916
TNS   : 0.000

Type  : Fast 1100mV 85C Model Minimum Pulse Width 'clk'
Slack : 2.420
TNS   : 0.000

Type  : Fast 1100mV 0C Model Setup 'clk'
Slack : -11.452
TNS   : -144.389

Type  : Fast 1100mV 0C Model Hold 'clk'
Slack : 0.903
TNS   : 0.000

Type  : Fast 1100mV 0C Model Minimum Pulse Width 'clk'
Slack : 2.418
TNS   : 0.000

------------------------------------------------------------
